<html>
<body>
<pre>
<h1>µVision Build Log</h1>
<h2>Tool Versions:</h2>
IDE-Version: ¦ÌVision V5.22.0.0
Copyright (C) 2016 ARM Ltd and ARM Germany GmbH. All rights reserved.
License Information: xxxlzjxxx xxxlzjxxx, xxxlzjxxx CO,.LTD, LIC=50DY8-3I2JP-C0HN2-9STPD-TE5BR-IVHX7
 
Tool Versions:
Toolchain:       MDK-ARM Professional  Version: 5.22
Toolchain Path:  D:\keil for arm v5\ARM\ARMCC\Bin
C Compiler:      Armcc.exe V5.06 update 4 (build 422)
Assembler:       Armasm.exe V5.06 update 4 (build 422)
Linker/Locator:  ArmLink.exe V5.06 update 4 (build 422)
Library Manager: ArmAr.exe V5.06 update 4 (build 422)
Hex Converter:   FromElf.exe V5.06 update 4 (build 422)
CPU DLL:         SARMCM3.DLL V5.22
Dialog DLL:      DCM.DLL V1.13.9.0
Target DLL:      STLink\ST-LINKIII-KEIL_SWO.dll V2.0.18.0
Dialog DLL:      TCM.DLL V1.21.0.0
 
<h2>Project:</h2>
E:\GitHub\MY-RIDE-LIFE\PROGRAM\STM32L476_PA4_ADC1CH9_TEST\MDK-ARM\STM32L476_PA4_ADC1CH9_TEST.uvprojx
Project File Date:  02/06/2017

<h2>Output:</h2>
*** Using Compiler 'V5.06 update 4 (build 422)', folder: 'D:\keil for arm v5\ARM\ARMCC\Bin'
Build target 'STM32L476_PA4_ADC1CH9_TEST'
compiling main.c...
../Src/main.c(69): warning:  #550-D: variable "temp"  was set but never used
  	float temp; 
../Src/main.c(228): warning:  #177-D: function "MX_USART2_UART_Init"  was declared but never referenced
  static void MX_USART2_UART_Init(void)
../Src/main.c: 2 warnings, 0 errors
linking...
Program Size: Code=7956 RO-data=488 RW-data=8 ZI-data=1128  
FromELF: creating hex file...
"STM32L476_PA4_ADC1CH9_TEST\STM32L476_PA4_ADC1CH9_TEST.axf" - 0 Error(s), 2 Warning(s).

<h2>Software Packages used:</h2>

Package Vendor: ARM
                http://www.keil.com/pack/ARM.CMSIS.5.0.0.pack
                ARM::CMSIS:CORE:5.0.0
                CMSIS (Cortex Microcontroller Software Interface Standard)
   * Component: CORE Version: 5.0.0

<h2>Collection of Component include folders:</h2>
  E:\GitHub\MY-RIDE-LIFE\PROGRAM\STM32L476_PA4_ADC1CH9_TEST\MDK-ARM\RTE\_STM32L476_PA4_ADC1CH9_TEST
  D:\keil for arm v5\PACK\ARM\CMSIS\5.0.0\CMSIS\Include
  D:\keil for arm v5\PACK\Keil\STM32L4xx_DFP\1.3.0\Device\Include

<h2>Collection of Component Files used:</h2>

   * Component: ARM::CMSIS:CORE:5.0.0
Build Time Elapsed:  00:00:05
</pre>
</body>
</html>
