<html>
<body>
<pre>
<h1>µVision Build Log</h1>
<h2>Tool Versions:</h2>
IDE-Version: ¦ÌVision V5.22.0.0
Copyright (C) 2016 ARM Ltd and ARM Germany GmbH. All rights reserved.
License Information: xxxlzjxxx xxxlzjxxx, xxxlzjxxx CO,.LTD, LIC=50DY8-3I2JP-C0HN2-9STPD-TE5BR-IVHX7
 
Tool Versions:
Toolchain:       MDK-ARM Professional  Version: 5.22
Toolchain Path:  D:\keil for arm v5\ARM\ARMCC\Bin
C Compiler:      Armcc.exe V5.06 update 4 (build 422)
Assembler:       Armasm.exe V5.06 update 4 (build 422)
Linker/Locator:  ArmLink.exe V5.06 update 4 (build 422)
Library Manager: ArmAr.exe V5.06 update 4 (build 422)
Hex Converter:   FromElf.exe V5.06 update 4 (build 422)
CPU DLL:         SARMCM3.DLL V5.22
Dialog DLL:      DCM.DLL V1.13.9.0
Target DLL:      STLink\ST-LINKIII-KEIL_SWO.dll V2.0.18.0
Dialog DLL:      TCM.DLL V1.21.0.0
 
<h2>Project:</h2>
E:\GitHub\MY-RIDE-LIFE\PROGRAM\TEMPLATE\USER\TEST.uvprojx
Project File Date:  01/21/2017

<h2>Output:</h2>
*** Using Compiler 'V5.06 update 4 (build 422)', folder: 'D:\keil for arm v5\ARM\ARMCC\Bin'
Build target 'TEST'
compiling rtc.c...
linking...
Program Size: Code=15872 RO-data=896 RW-data=356 ZI-data=2044  
FromELF: creating hex file...
"..\OBJ\TEST.axf" - 0 Error(s), 0 Warning(s).

<h2>Collection of Component include folders:</h2>
  E:\GitHub\MY-RIDE-LIFE\PROGRAM\TEMPLATE\USER\RTE\_TEST
  D:\keil for arm v5\PACK\Keil\STM32L4xx_DFP\1.3.0\Device\Include

<h2>Collection of Component Files used:</h2>
Build Time Elapsed:  00:00:13
</pre>
</body>
</html>
